TimeQuest Timing Analyzer report for UARTFIFO
Thu Dec 26 10:40:20 2019
Quartus Prime Version 17.1.0 Build 590 10/25/2017 SJ Lite Edition


---------------------
; Table of Contents ;
---------------------
  1. Legal Notice
  2. TimeQuest Timing Analyzer Summary
  3. Parallel Compilation
  4. SDC File List
  5. Clocks
  6. Slow 1200mV 85C Model Fmax Summary
  7. Slow 1200mV 85C Model Setup Summary
  8. Slow 1200mV 85C Model Hold Summary
  9. Slow 1200mV 85C Model Recovery Summary
 10. Slow 1200mV 85C Model Removal Summary
 11. Slow 1200mV 85C Model Minimum Pulse Width Summary
 12. Slow 1200mV 85C Model Metastability Summary
 13. Slow 1200mV 0C Model Fmax Summary
 14. Slow 1200mV 0C Model Setup Summary
 15. Slow 1200mV 0C Model Hold Summary
 16. Slow 1200mV 0C Model Recovery Summary
 17. Slow 1200mV 0C Model Removal Summary
 18. Slow 1200mV 0C Model Minimum Pulse Width Summary
 19. Slow 1200mV 0C Model Metastability Summary
 20. Fast 1200mV 0C Model Setup Summary
 21. Fast 1200mV 0C Model Hold Summary
 22. Fast 1200mV 0C Model Recovery Summary
 23. Fast 1200mV 0C Model Removal Summary
 24. Fast 1200mV 0C Model Minimum Pulse Width Summary
 25. Fast 1200mV 0C Model Metastability Summary
 26. Multicorner Timing Analysis Summary
 27. Board Trace Model Assignments
 28. Input Transition Times
 29. Signal Integrity Metrics (Slow 1200mv 0c Model)
 30. Signal Integrity Metrics (Slow 1200mv 85c Model)
 31. Signal Integrity Metrics (Fast 1200mv 0c Model)
 32. Setup Transfers
 33. Hold Transfers
 34. Recovery Transfers
 35. Removal Transfers
 36. Report TCCS
 37. Report RSKM
 38. Unconstrained Paths Summary
 39. Clock Status Summary
 40. Unconstrained Input Ports
 41. Unconstrained Output Ports
 42. Unconstrained Input Ports
 43. Unconstrained Output Ports
 44. TimeQuest Timing Analyzer Messages



----------------
; Legal Notice ;
----------------
Copyright (C) 2017  Intel Corporation. All rights reserved.
Your use of Intel Corporation's design tools, logic functions 
and other software and tools, and its AMPP partner logic 
functions, and any output files from any of the foregoing 
(including device programming or simulation files), and any 
associated documentation or information are expressly subject 
to the terms and conditions of the Intel Program License 
Subscription Agreement, the Intel Quartus Prime License Agreement,
the Intel FPGA IP License Agreement, or other applicable license
agreement, including, without limitation, that your use is for
the sole purpose of programming logic devices manufactured by
Intel and sold by Intel or its authorized distributors.  Please
refer to the applicable agreement for further details.



+-----------------------------------------------------------------------------+
; TimeQuest Timing Analyzer Summary                                           ;
+-----------------------+-----------------------------------------------------+
; Quartus Prime Version ; Version 17.1.0 Build 590 10/25/2017 SJ Lite Edition ;
; Timing Analyzer       ; TimeQuest                                           ;
; Revision Name         ; UARTFIFO                                            ;
; Device Family         ; MAX 10                                              ;
; Device Name           ; 10M50DAF484C6GES                                    ;
; Timing Models         ; Preliminary                                         ;
; Delay Model           ; Combined                                            ;
; Rise/Fall Delays      ; Enabled                                             ;
+-----------------------+-----------------------------------------------------+


+------------------------------------------+
; Parallel Compilation                     ;
+----------------------------+-------------+
; Processors                 ; Number      ;
+----------------------------+-------------+
; Number detected on machine ; 4           ;
; Maximum allowed            ; 2           ;
;                            ;             ;
; Average used               ; 1.53        ;
; Maximum used               ; 2           ;
;                            ;             ;
; Usage by Processor         ; % Time Used ;
;     Processor 1            ; 100.0%      ;
;     Processor 2            ;  52.9%      ;
+----------------------------+-------------+


+---------------------------------------------------------+
; SDC File List                                           ;
+---------------------+--------+--------------------------+
; SDC File Path       ; Status ; Read at                  ;
+---------------------+--------+--------------------------+
; ../sdc/UARTFIFO.sdc ; OK     ; Thu Dec 26 10:40:12 2019 ;
+---------------------+--------+--------------------------+


+-------------------------------------------------------------------------------------------------------------------------------------------------------------------------------------------------------------------------------------------------------------------------------------------------------------------------------+
; Clocks                                                                                                                                                                                                                                                                                                                        ;
+-----------------------------------------------------+-----------+---------+-----------+-------+--------+------------+-----------+-------------+-------+--------+-----------+------------+----------+--------+-------------------------------------------------------+---------------------------------------------------------+
; Clock Name                                          ; Type      ; Period  ; Frequency ; Rise  ; Fall   ; Duty Cycle ; Divide by ; Multiply by ; Phase ; Offset ; Edge List ; Edge Shift ; Inverted ; Master ; Source                                                ; Targets                                                 ;
+-----------------------------------------------------+-----------+---------+-----------+-------+--------+------------+-----------+-------------+-------+--------+-----------+------------+----------+--------+-------------------------------------------------------+---------------------------------------------------------+
; altera_reserved_tck                                 ; Base      ; 100.000 ; 10.0 MHz  ; 0.000 ; 50.000 ;            ;           ;             ;       ;        ;           ;            ;          ;        ;                                                       ; { altera_reserved_tck }                                 ;
; Clk50                                               ; Base      ; 20.000  ; 50.0 MHz  ; 0.000 ; 10.000 ;            ;           ;             ;       ;        ;           ;            ;          ;        ;                                                       ; { Clk50 }                                               ;
; u_PLL50|altpll_component|auto_generated|pll1|clk[0] ; Generated ; 10.000  ; 100.0 MHz ; 0.000 ; 5.000  ; 50.00      ; 1         ; 2           ;       ;        ;           ;            ; false    ; Clk50  ; u_PLL50|altpll_component|auto_generated|pll1|inclk[0] ; { u_PLL50|altpll_component|auto_generated|pll1|clk[0] } ;
+-----------------------------------------------------+-----------+---------+-----------+-------+--------+------------+-----------+-------------+-------+--------+-----------+------------+----------+--------+-------------------------------------------------------+---------------------------------------------------------+


+-------------------------------------------------------------------------------------------+
; Slow 1200mV 85C Model Fmax Summary                                                        ;
+------------+-----------------+-----------------------------------------------------+------+
; Fmax       ; Restricted Fmax ; Clock Name                                          ; Note ;
+------------+-----------------+-----------------------------------------------------+------+
; 73.34 MHz  ; 73.34 MHz       ; altera_reserved_tck                                 ;      ;
; 156.86 MHz ; 156.86 MHz      ; u_PLL50|altpll_component|auto_generated|pll1|clk[0] ;      ;
; 198.85 MHz ; 198.85 MHz      ; Clk50                                               ;      ;
+------------+-----------------+-----------------------------------------------------+------+
This panel reports FMAX for every clock in the design, regardless of the user-specified clock periods.  FMAX is only computed for paths where the source and destination registers or ports are driven by the same clock.  Paths of different clocks, including generated clocks, are ignored.  For paths between a clock and its inversion, FMAX is computed as if the rising and falling edges are scaled along with FMAX, such that the duty cycle (in terms of a percentage) is maintained. Altera recommends that you always use clock constraints and other slack reports for sign-off analysis.


+------------------------------------------------------------------------------+
; Slow 1200mV 85C Model Setup Summary                                          ;
+-----------------------------------------------------+--------+---------------+
; Clock                                               ; Slack  ; End Point TNS ;
+-----------------------------------------------------+--------+---------------+
; u_PLL50|altpll_component|auto_generated|pll1|clk[0] ; 3.625  ; 0.000         ;
; Clk50                                               ; 14.971 ; 0.000         ;
; altera_reserved_tck                                 ; 43.182 ; 0.000         ;
+-----------------------------------------------------+--------+---------------+


+-----------------------------------------------------------------------------+
; Slow 1200mV 85C Model Hold Summary                                          ;
+-----------------------------------------------------+-------+---------------+
; Clock                                               ; Slack ; End Point TNS ;
+-----------------------------------------------------+-------+---------------+
; u_PLL50|altpll_component|auto_generated|pll1|clk[0] ; 0.206 ; 0.000         ;
; altera_reserved_tck                                 ; 0.286 ; 0.000         ;
; Clk50                                               ; 0.370 ; 0.000         ;
+-----------------------------------------------------+-------+---------------+


+------------------------------------------------------------------------------+
; Slow 1200mV 85C Model Recovery Summary                                       ;
+-----------------------------------------------------+--------+---------------+
; Clock                                               ; Slack  ; End Point TNS ;
+-----------------------------------------------------+--------+---------------+
; u_PLL50|altpll_component|auto_generated|pll1|clk[0] ; 5.976  ; 0.000         ;
; altera_reserved_tck                                 ; 94.333 ; 0.000         ;
+-----------------------------------------------------+--------+---------------+


+-----------------------------------------------------------------------------+
; Slow 1200mV 85C Model Removal Summary                                       ;
+-----------------------------------------------------+-------+---------------+
; Clock                                               ; Slack ; End Point TNS ;
+-----------------------------------------------------+-------+---------------+
; altera_reserved_tck                                 ; 1.292 ; 0.000         ;
; u_PLL50|altpll_component|auto_generated|pll1|clk[0] ; 2.692 ; 0.000         ;
+-----------------------------------------------------+-------+---------------+


+------------------------------------------------------------------------------+
; Slow 1200mV 85C Model Minimum Pulse Width Summary                            ;
+-----------------------------------------------------+--------+---------------+
; Clock                                               ; Slack  ; End Point TNS ;
+-----------------------------------------------------+--------+---------------+
; u_PLL50|altpll_component|auto_generated|pll1|clk[0] ; 4.649  ; 0.000         ;
; Clk50                                               ; 9.659  ; 0.000         ;
; altera_reserved_tck                                 ; 49.481 ; 0.000         ;
+-----------------------------------------------------+--------+---------------+


-----------------------------------------------
; Slow 1200mV 85C Model Metastability Summary ;
-----------------------------------------------
The design MTBF is not calculated because there are no specified synchronizers in the design.
Number of Synchronizer Chains Found: 7
Shortest Synchronizer Chain: 3 Registers
Fraction of Chains for which MTBFs Could Not be Calculated: 1.000
Worst Case Available Settling Time: 23.423 ns




+-------------------------------------------------------------------------------------------+
; Slow 1200mV 0C Model Fmax Summary                                                         ;
+------------+-----------------+-----------------------------------------------------+------+
; Fmax       ; Restricted Fmax ; Clock Name                                          ; Note ;
+------------+-----------------+-----------------------------------------------------+------+
; 81.31 MHz  ; 81.31 MHz       ; altera_reserved_tck                                 ;      ;
; 172.32 MHz ; 172.32 MHz      ; u_PLL50|altpll_component|auto_generated|pll1|clk[0] ;      ;
; 219.35 MHz ; 219.35 MHz      ; Clk50                                               ;      ;
+------------+-----------------+-----------------------------------------------------+------+
This panel reports FMAX for every clock in the design, regardless of the user-specified clock periods.  FMAX is only computed for paths where the source and destination registers or ports are driven by the same clock.  Paths of different clocks, including generated clocks, are ignored.  For paths between a clock and its inversion, FMAX is computed as if the rising and falling edges are scaled along with FMAX, such that the duty cycle (in terms of a percentage) is maintained. Altera recommends that you always use clock constraints and other slack reports for sign-off analysis.


+------------------------------------------------------------------------------+
; Slow 1200mV 0C Model Setup Summary                                           ;
+-----------------------------------------------------+--------+---------------+
; Clock                                               ; Slack  ; End Point TNS ;
+-----------------------------------------------------+--------+---------------+
; u_PLL50|altpll_component|auto_generated|pll1|clk[0] ; 4.197  ; 0.000         ;
; Clk50                                               ; 15.441 ; 0.000         ;
; altera_reserved_tck                                 ; 43.851 ; 0.000         ;
+-----------------------------------------------------+--------+---------------+


+-----------------------------------------------------------------------------+
; Slow 1200mV 0C Model Hold Summary                                           ;
+-----------------------------------------------------+-------+---------------+
; Clock                                               ; Slack ; End Point TNS ;
+-----------------------------------------------------+-------+---------------+
; u_PLL50|altpll_component|auto_generated|pll1|clk[0] ; 0.202 ; 0.000         ;
; altera_reserved_tck                                 ; 0.265 ; 0.000         ;
; Clk50                                               ; 0.342 ; 0.000         ;
+-----------------------------------------------------+-------+---------------+


+------------------------------------------------------------------------------+
; Slow 1200mV 0C Model Recovery Summary                                        ;
+-----------------------------------------------------+--------+---------------+
; Clock                                               ; Slack  ; End Point TNS ;
+-----------------------------------------------------+--------+---------------+
; u_PLL50|altpll_component|auto_generated|pll1|clk[0] ; 6.367  ; 0.000         ;
; altera_reserved_tck                                 ; 94.882 ; 0.000         ;
+-----------------------------------------------------+--------+---------------+


+-----------------------------------------------------------------------------+
; Slow 1200mV 0C Model Removal Summary                                        ;
+-----------------------------------------------------+-------+---------------+
; Clock                                               ; Slack ; End Point TNS ;
+-----------------------------------------------------+-------+---------------+
; altera_reserved_tck                                 ; 1.189 ; 0.000         ;
; u_PLL50|altpll_component|auto_generated|pll1|clk[0] ; 2.508 ; 0.000         ;
+-----------------------------------------------------+-------+---------------+


+------------------------------------------------------------------------------+
; Slow 1200mV 0C Model Minimum Pulse Width Summary                             ;
+-----------------------------------------------------+--------+---------------+
; Clock                                               ; Slack  ; End Point TNS ;
+-----------------------------------------------------+--------+---------------+
; u_PLL50|altpll_component|auto_generated|pll1|clk[0] ; 4.668  ; 0.000         ;
; Clk50                                               ; 9.684  ; 0.000         ;
; altera_reserved_tck                                 ; 49.498 ; 0.000         ;
+-----------------------------------------------------+--------+---------------+


----------------------------------------------
; Slow 1200mV 0C Model Metastability Summary ;
----------------------------------------------
The design MTBF is not calculated because there are no specified synchronizers in the design.
Number of Synchronizer Chains Found: 7
Shortest Synchronizer Chain: 3 Registers
Fraction of Chains for which MTBFs Could Not be Calculated: 1.000
Worst Case Available Settling Time: 24.056 ns




+------------------------------------------------------------------------------+
; Fast 1200mV 0C Model Setup Summary                                           ;
+-----------------------------------------------------+--------+---------------+
; Clock                                               ; Slack  ; End Point TNS ;
+-----------------------------------------------------+--------+---------------+
; u_PLL50|altpll_component|auto_generated|pll1|clk[0] ; 6.585  ; 0.000         ;
; Clk50                                               ; 17.522 ; 0.000         ;
; altera_reserved_tck                                 ; 46.829 ; 0.000         ;
+-----------------------------------------------------+--------+---------------+


+-----------------------------------------------------------------------------+
; Fast 1200mV 0C Model Hold Summary                                           ;
+-----------------------------------------------------+-------+---------------+
; Clock                                               ; Slack ; End Point TNS ;
+-----------------------------------------------------+-------+---------------+
; u_PLL50|altpll_component|auto_generated|pll1|clk[0] ; 0.086 ; 0.000         ;
; altera_reserved_tck                                 ; 0.127 ; 0.000         ;
; Clk50                                               ; 0.163 ; 0.000         ;
+-----------------------------------------------------+-------+---------------+


+------------------------------------------------------------------------------+
; Fast 1200mV 0C Model Recovery Summary                                        ;
+-----------------------------------------------------+--------+---------------+
; Clock                                               ; Slack  ; End Point TNS ;
+-----------------------------------------------------+--------+---------------+
; u_PLL50|altpll_component|auto_generated|pll1|clk[0] ; 7.898  ; 0.000         ;
; altera_reserved_tck                                 ; 96.970 ; 0.000         ;
+-----------------------------------------------------+--------+---------------+


+-----------------------------------------------------------------------------+
; Fast 1200mV 0C Model Removal Summary                                        ;
+-----------------------------------------------------+-------+---------------+
; Clock                                               ; Slack ; End Point TNS ;
+-----------------------------------------------------+-------+---------------+
; altera_reserved_tck                                 ; 0.613 ; 0.000         ;
; u_PLL50|altpll_component|auto_generated|pll1|clk[0] ; 1.289 ; 0.000         ;
+-----------------------------------------------------+-------+---------------+


+------------------------------------------------------------------------------+
; Fast 1200mV 0C Model Minimum Pulse Width Summary                             ;
+-----------------------------------------------------+--------+---------------+
; Clock                                               ; Slack  ; End Point TNS ;
+-----------------------------------------------------+--------+---------------+
; u_PLL50|altpll_component|auto_generated|pll1|clk[0] ; 4.710  ; 0.000         ;
; Clk50                                               ; 9.470  ; 0.000         ;
; altera_reserved_tck                                 ; 49.385 ; 0.000         ;
+-----------------------------------------------------+--------+---------------+


----------------------------------------------
; Fast 1200mV 0C Model Metastability Summary ;
----------------------------------------------
The design MTBF is not calculated because there are no specified synchronizers in the design.
Number of Synchronizer Chains Found: 7
Shortest Synchronizer Chain: 3 Registers
Fraction of Chains for which MTBFs Could Not be Calculated: 1.000
Worst Case Available Settling Time: 26.671 ns




+------------------------------------------------------------------------------------------------------------------+
; Multicorner Timing Analysis Summary                                                                              ;
+------------------------------------------------------+--------+-------+----------+---------+---------------------+
; Clock                                                ; Setup  ; Hold  ; Recovery ; Removal ; Minimum Pulse Width ;
+------------------------------------------------------+--------+-------+----------+---------+---------------------+
; Worst-case Slack                                     ; 3.625  ; 0.086 ; 5.976    ; 0.613   ; 4.649               ;
;  Clk50                                               ; 14.971 ; 0.163 ; N/A      ; N/A     ; 9.470               ;
;  altera_reserved_tck                                 ; 43.182 ; 0.127 ; 94.333   ; 0.613   ; 49.385              ;
;  u_PLL50|altpll_component|auto_generated|pll1|clk[0] ; 3.625  ; 0.086 ; 5.976    ; 1.289   ; 4.649               ;
; Design-wide TNS                                      ; 0.0    ; 0.0   ; 0.0      ; 0.0     ; 0.0                 ;
;  Clk50                                               ; 0.000  ; 0.000 ; N/A      ; N/A     ; 0.000               ;
;  altera_reserved_tck                                 ; 0.000  ; 0.000 ; 0.000    ; 0.000   ; 0.000               ;
;  u_PLL50|altpll_component|auto_generated|pll1|clk[0] ; 0.000  ; 0.000 ; 0.000    ; 0.000   ; 0.000               ;
+------------------------------------------------------+--------+-------+----------+---------+---------------------+


+------------------------------------------------------------------------------------------------------------------------------------------------------------------------------------------------------------------------------------------------------------------------------------------------------------------------------------------------------------------------------------------------------------------------+
; Board Trace Model Assignments                                                                                                                                                                                                                                                                                                                                                                                          ;
+---------------------+--------------+-------------------+-------------------------+-------------------------+---------------+---------------------+----------------+------------------+--------+------------------+------------------------+------------------------+--------------+---------------+-----------------+-------+---------------------+--------------------+---------------+-----------------+-------------+
; Pin                 ; I/O Standard ; Near Tline Length ; Near Tline L per Length ; Near Tline C per Length ; Near Series R ; Near Differential R ; Near Pull-up R ; Near Pull-down R ; Near C ; Far Tline Length ; Far Tline L per Length ; Far Tline C per Length ; Far Series R ; Far Pull-up R ; Far Pull-down R ; Far C ; Termination Voltage ; Far Differential R ; EBD File Name ; EBD Signal Name ; EBD Far-end ;
+---------------------+--------------+-------------------+-------------------------+-------------------------+---------------+---------------------+----------------+------------------+--------+------------------+------------------------+------------------------+--------------+---------------+-----------------+-------+---------------------+--------------------+---------------+-----------------+-------------+
; TxSerData           ; 3.3-V LVTTL  ; 0 in              ; 0 H/in                  ; 0 F/in                  ; short         ; -                   ; open           ; open             ; open   ; 0 in             ; 0 H/in                 ; 0 F/in                 ; short        ; open          ; open            ; open  ; 0 V                 ; -                  ; n/a           ; n/a             ; n/a         ;
; altera_reserved_tdo ; 2.5 V        ; 0 in              ; 0 H/in                  ; 0 F/in                  ; short         ; -                   ; open           ; open             ; open   ; 0 in             ; 0 H/in                 ; 0 F/in                 ; short        ; open          ; open            ; open  ; 0 V                 ; -                  ; n/a           ; n/a             ; n/a         ;
+---------------------+--------------+-------------------+-------------------------+-------------------------+---------------+---------------------+----------------+------------------+--------+------------------+------------------------+------------------------+--------------+---------------+-----------------+-------+---------------------+--------------------+---------------+-----------------+-------------+


+-------------------------------------------------------------------------------------------------+
; Input Transition Times                                                                          ;
+-------------------------------------+-----------------------+-----------------+-----------------+
; Pin                                 ; I/O Standard          ; 10-90 Rise Time ; 90-10 Fall Time ;
+-------------------------------------+-----------------------+-----------------+-----------------+
; RESERVED[0]                         ; 3.3-V LVTTL           ; 2640 ps         ; 2640 ps         ;
; RESERVED[1]                         ; 3.3-V LVTTL           ; 2640 ps         ; 2640 ps         ;
; RxSerData                           ; 3.3-V LVTTL           ; 2640 ps         ; 2640 ps         ;
; Clk50                               ; 2.5 V                 ; 2000 ps         ; 2000 ps         ;
; RstB                                ; 1.5 V Schmitt Trigger ; 1200 ps         ; 1200 ps         ;
; Button                              ; 1.5 V Schmitt Trigger ; 1200 ps         ; 1200 ps         ;
; altera_reserved_tms                 ; 2.5 V Schmitt Trigger ; 2000 ps         ; 2000 ps         ;
; altera_reserved_tck                 ; 2.5 V Schmitt Trigger ; 2000 ps         ; 2000 ps         ;
; altera_reserved_tdi                 ; 2.5 V Schmitt Trigger ; 2000 ps         ; 2000 ps         ;
; auto_stp_external_storage_qualifier ; 2.5 V                 ; 2000 ps         ; 2000 ps         ;
+-------------------------------------+-----------------------+-----------------+-----------------+


+--------------------------------------------------------------------------------------------------------------------------------------------------------------------------------------------------------------------------------------------------------------------------------------------------------------------------------------------------------------------------------------------------------------------------------------------------------------------------------------------------------------------------------------------------------------------------------------------------------------------------------------------------------------------------------------------------+
; Signal Integrity Metrics (Slow 1200mv 0c Model)                                                                                                                                                                                                                                                                                                                                                                                                                                                                                                                                                                                                                                                  ;
+---------------------+--------------+---------------------+---------------------+------------------------------+------------------------------+---------------------+---------------------+--------------------------------------+--------------------------------------+-----------------------------+-----------------------------+----------------------------+----------------------------+-----------------------------+-----------------------------+--------------------+--------------------+-------------------------------------+-------------------------------------+----------------------------+----------------------------+---------------------------+---------------------------+
; Pin                 ; I/O Standard ; Board Delay on Rise ; Board Delay on Fall ; Steady State Voh at FPGA Pin ; Steady State Vol at FPGA Pin ; Voh Max at FPGA Pin ; Vol Min at FPGA Pin ; Ringback Voltage on Rise at FPGA Pin ; Ringback Voltage on Fall at FPGA Pin ; 10-90 Rise Time at FPGA Pin ; 90-10 Fall Time at FPGA Pin ; Monotonic Rise at FPGA Pin ; Monotonic Fall at FPGA Pin ; Steady State Voh at Far-end ; Steady State Vol at Far-end ; Voh Max at Far-end ; Vol Min at Far-end ; Ringback Voltage on Rise at Far-end ; Ringback Voltage on Fall at Far-end ; 10-90 Rise Time at Far-end ; 90-10 Fall Time at Far-end ; Monotonic Rise at Far-end ; Monotonic Fall at Far-end ;
+---------------------+--------------+---------------------+---------------------+------------------------------+------------------------------+---------------------+---------------------+--------------------------------------+--------------------------------------+-----------------------------+-----------------------------+----------------------------+----------------------------+-----------------------------+-----------------------------+--------------------+--------------------+-------------------------------------+-------------------------------------+----------------------------+----------------------------+---------------------------+---------------------------+
; TxSerData           ; 3.3-V LVTTL  ; 0 s                 ; 0 s                 ; 3.08 V                       ; 5.27e-08 V                   ; 3.22 V              ; -0.0943 V           ; 0.264 V                              ; 0.35 V                               ; 4.56e-10 s                  ; 4.63e-10 s                  ; No                         ; No                         ; 3.08 V                      ; 5.27e-08 V                  ; 3.22 V             ; -0.0943 V          ; 0.264 V                             ; 0.35 V                              ; 4.56e-10 s                 ; 4.63e-10 s                 ; No                        ; No                        ;
; altera_reserved_tdo ; 2.5 V        ; 0 s                 ; 0 s                 ; 2.32 V                       ; 1.97e-08 V                   ; 2.4 V               ; -0.023 V            ; 0.201 V                              ; 0.081 V                              ; 4.59e-10 s                  ; 5.51e-10 s                  ; No                         ; Yes                        ; 2.32 V                      ; 1.97e-08 V                  ; 2.4 V              ; -0.023 V           ; 0.201 V                             ; 0.081 V                             ; 4.59e-10 s                 ; 5.51e-10 s                 ; No                        ; Yes                       ;
+---------------------+--------------+---------------------+---------------------+------------------------------+------------------------------+---------------------+---------------------+--------------------------------------+--------------------------------------+-----------------------------+-----------------------------+----------------------------+----------------------------+-----------------------------+-----------------------------+--------------------+--------------------+-------------------------------------+-------------------------------------+----------------------------+----------------------------+---------------------------+---------------------------+


+--------------------------------------------------------------------------------------------------------------------------------------------------------------------------------------------------------------------------------------------------------------------------------------------------------------------------------------------------------------------------------------------------------------------------------------------------------------------------------------------------------------------------------------------------------------------------------------------------------------------------------------------------------------------------------------------------+
; Signal Integrity Metrics (Slow 1200mv 85c Model)                                                                                                                                                                                                                                                                                                                                                                                                                                                                                                                                                                                                                                                 ;
+---------------------+--------------+---------------------+---------------------+------------------------------+------------------------------+---------------------+---------------------+--------------------------------------+--------------------------------------+-----------------------------+-----------------------------+----------------------------+----------------------------+-----------------------------+-----------------------------+--------------------+--------------------+-------------------------------------+-------------------------------------+----------------------------+----------------------------+---------------------------+---------------------------+
; Pin                 ; I/O Standard ; Board Delay on Rise ; Board Delay on Fall ; Steady State Voh at FPGA Pin ; Steady State Vol at FPGA Pin ; Voh Max at FPGA Pin ; Vol Min at FPGA Pin ; Ringback Voltage on Rise at FPGA Pin ; Ringback Voltage on Fall at FPGA Pin ; 10-90 Rise Time at FPGA Pin ; 90-10 Fall Time at FPGA Pin ; Monotonic Rise at FPGA Pin ; Monotonic Fall at FPGA Pin ; Steady State Voh at Far-end ; Steady State Vol at Far-end ; Voh Max at Far-end ; Vol Min at Far-end ; Ringback Voltage on Rise at Far-end ; Ringback Voltage on Fall at Far-end ; 10-90 Rise Time at Far-end ; 90-10 Fall Time at Far-end ; Monotonic Rise at Far-end ; Monotonic Fall at Far-end ;
+---------------------+--------------+---------------------+---------------------+------------------------------+------------------------------+---------------------+---------------------+--------------------------------------+--------------------------------------+-----------------------------+-----------------------------+----------------------------+----------------------------+-----------------------------+-----------------------------+--------------------+--------------------+-------------------------------------+-------------------------------------+----------------------------+----------------------------+---------------------------+---------------------------+
; TxSerData           ; 3.3-V LVTTL  ; 0 s                 ; 0 s                 ; 3.08 V                       ; 5.35e-06 V                   ; 3.17 V              ; -0.0547 V           ; 0.314 V                              ; 0.224 V                              ; 4.84e-10 s                  ; 6.28e-10 s                  ; No                         ; Yes                        ; 3.08 V                      ; 5.35e-06 V                  ; 3.17 V             ; -0.0547 V          ; 0.314 V                             ; 0.224 V                             ; 4.84e-10 s                 ; 6.28e-10 s                 ; No                        ; Yes                       ;
; altera_reserved_tdo ; 2.5 V        ; 0 s                 ; 0 s                 ; 2.32 V                       ; 3.04e-06 V                   ; 2.37 V              ; -0.0108 V           ; 0.13 V                               ; 0.066 V                              ; 6.32e-10 s                  ; 6.45e-10 s                  ; No                         ; Yes                        ; 2.32 V                      ; 3.04e-06 V                  ; 2.37 V             ; -0.0108 V          ; 0.13 V                              ; 0.066 V                             ; 6.32e-10 s                 ; 6.45e-10 s                 ; No                        ; Yes                       ;
+---------------------+--------------+---------------------+---------------------+------------------------------+------------------------------+---------------------+---------------------+--------------------------------------+--------------------------------------+-----------------------------+-----------------------------+----------------------------+----------------------------+-----------------------------+-----------------------------+--------------------+--------------------+-------------------------------------+-------------------------------------+----------------------------+----------------------------+---------------------------+---------------------------+


+--------------------------------------------------------------------------------------------------------------------------------------------------------------------------------------------------------------------------------------------------------------------------------------------------------------------------------------------------------------------------------------------------------------------------------------------------------------------------------------------------------------------------------------------------------------------------------------------------------------------------------------------------------------------------------------------------+
; Signal Integrity Metrics (Fast 1200mv 0c Model)                                                                                                                                                                                                                                                                                                                                                                                                                                                                                                                                                                                                                                                  ;
+---------------------+--------------+---------------------+---------------------+------------------------------+------------------------------+---------------------+---------------------+--------------------------------------+--------------------------------------+-----------------------------+-----------------------------+----------------------------+----------------------------+-----------------------------+-----------------------------+--------------------+--------------------+-------------------------------------+-------------------------------------+----------------------------+----------------------------+---------------------------+---------------------------+
; Pin                 ; I/O Standard ; Board Delay on Rise ; Board Delay on Fall ; Steady State Voh at FPGA Pin ; Steady State Vol at FPGA Pin ; Voh Max at FPGA Pin ; Vol Min at FPGA Pin ; Ringback Voltage on Rise at FPGA Pin ; Ringback Voltage on Fall at FPGA Pin ; 10-90 Rise Time at FPGA Pin ; 90-10 Fall Time at FPGA Pin ; Monotonic Rise at FPGA Pin ; Monotonic Fall at FPGA Pin ; Steady State Voh at Far-end ; Steady State Vol at Far-end ; Voh Max at Far-end ; Vol Min at Far-end ; Ringback Voltage on Rise at Far-end ; Ringback Voltage on Fall at Far-end ; 10-90 Rise Time at Far-end ; 90-10 Fall Time at Far-end ; Monotonic Rise at Far-end ; Monotonic Fall at Far-end ;
+---------------------+--------------+---------------------+---------------------+------------------------------+------------------------------+---------------------+---------------------+--------------------------------------+--------------------------------------+-----------------------------+-----------------------------+----------------------------+----------------------------+-----------------------------+-----------------------------+--------------------+--------------------+-------------------------------------+-------------------------------------+----------------------------+----------------------------+---------------------------+---------------------------+
; TxSerData           ; 3.3-V LVTTL  ; 0 s                 ; 0 s                 ; 3.46 V                       ; 5.04e-07 V                   ; 3.63 V              ; -0.0264 V           ; 0.468 V                              ; 0.142 V                              ; 3.02e-10 s                  ; 4.42e-10 s                  ; No                         ; Yes                        ; 3.46 V                      ; 5.04e-07 V                  ; 3.63 V             ; -0.0264 V          ; 0.468 V                             ; 0.142 V                             ; 3.02e-10 s                 ; 4.42e-10 s                 ; No                        ; Yes                       ;
; altera_reserved_tdo ; 2.5 V        ; 0 s                 ; 0 s                 ; 2.62 V                       ; 1.68e-07 V                   ; 2.73 V              ; -0.0395 V           ; 0.361 V                              ; 0.109 V                              ; 3.1e-10 s                   ; 4.41e-10 s                  ; No                         ; Yes                        ; 2.62 V                      ; 1.68e-07 V                  ; 2.73 V             ; -0.0395 V          ; 0.361 V                             ; 0.109 V                             ; 3.1e-10 s                  ; 4.41e-10 s                 ; No                        ; Yes                       ;
+---------------------+--------------+---------------------+---------------------+------------------------------+------------------------------+---------------------+---------------------+--------------------------------------+--------------------------------------+-----------------------------+-----------------------------+----------------------------+----------------------------+-----------------------------+-----------------------------+--------------------+--------------------+-------------------------------------+-------------------------------------+----------------------------+----------------------------+---------------------------+---------------------------+


+---------------------------------------------------------------------------------------------------------------------------------------------------------+
; Setup Transfers                                                                                                                                         ;
+-----------------------------------------------------+-----------------------------------------------------+------------+----------+----------+----------+
; From Clock                                          ; To Clock                                            ; RR Paths   ; FR Paths ; RF Paths ; FF Paths ;
+-----------------------------------------------------+-----------------------------------------------------+------------+----------+----------+----------+
; altera_reserved_tck                                 ; altera_reserved_tck                                 ; 13913      ; 0        ; 158      ; 0        ;
; u_PLL50|altpll_component|auto_generated|pll1|clk[0] ; altera_reserved_tck                                 ; false path ; 0        ; 0        ; 0        ;
; Clk50                                               ; Clk50                                               ; 302        ; 0        ; 0        ; 0        ;
; altera_reserved_tck                                 ; u_PLL50|altpll_component|auto_generated|pll1|clk[0] ; false path ; 0        ; 0        ; 0        ;
; Clk50                                               ; u_PLL50|altpll_component|auto_generated|pll1|clk[0] ; 1          ; 0        ; 0        ; 0        ;
; u_PLL50|altpll_component|auto_generated|pll1|clk[0] ; u_PLL50|altpll_component|auto_generated|pll1|clk[0] ; 12346      ; 0        ; 0        ; 0        ;
+-----------------------------------------------------+-----------------------------------------------------+------------+----------+----------+----------+
Entries labeled "false path" only account for clock-to-clock false paths and not path-based false paths. As a result, actual path counts may be lower than reported.


+---------------------------------------------------------------------------------------------------------------------------------------------------------+
; Hold Transfers                                                                                                                                          ;
+-----------------------------------------------------+-----------------------------------------------------+------------+----------+----------+----------+
; From Clock                                          ; To Clock                                            ; RR Paths   ; FR Paths ; RF Paths ; FF Paths ;
+-----------------------------------------------------+-----------------------------------------------------+------------+----------+----------+----------+
; altera_reserved_tck                                 ; altera_reserved_tck                                 ; 13913      ; 0        ; 158      ; 0        ;
; u_PLL50|altpll_component|auto_generated|pll1|clk[0] ; altera_reserved_tck                                 ; false path ; 0        ; 0        ; 0        ;
; Clk50                                               ; Clk50                                               ; 302        ; 0        ; 0        ; 0        ;
; altera_reserved_tck                                 ; u_PLL50|altpll_component|auto_generated|pll1|clk[0] ; false path ; 0        ; 0        ; 0        ;
; Clk50                                               ; u_PLL50|altpll_component|auto_generated|pll1|clk[0] ; 1          ; 0        ; 0        ; 0        ;
; u_PLL50|altpll_component|auto_generated|pll1|clk[0] ; u_PLL50|altpll_component|auto_generated|pll1|clk[0] ; 12346      ; 0        ; 0        ; 0        ;
+-----------------------------------------------------+-----------------------------------------------------+------------+----------+----------+----------+
Entries labeled "false path" only account for clock-to-clock false paths and not path-based false paths. As a result, actual path counts may be lower than reported.


+---------------------------------------------------------------------------------------------------------------------------------------------------------+
; Recovery Transfers                                                                                                                                      ;
+-----------------------------------------------------+-----------------------------------------------------+------------+----------+----------+----------+
; From Clock                                          ; To Clock                                            ; RR Paths   ; FR Paths ; RF Paths ; FF Paths ;
+-----------------------------------------------------+-----------------------------------------------------+------------+----------+----------+----------+
; altera_reserved_tck                                 ; altera_reserved_tck                                 ; 509        ; 0        ; 0        ; 0        ;
; altera_reserved_tck                                 ; u_PLL50|altpll_component|auto_generated|pll1|clk[0] ; false path ; 0        ; 0        ; 0        ;
; u_PLL50|altpll_component|auto_generated|pll1|clk[0] ; u_PLL50|altpll_component|auto_generated|pll1|clk[0] ; 38         ; 0        ; 0        ; 0        ;
+-----------------------------------------------------+-----------------------------------------------------+------------+----------+----------+----------+
Entries labeled "false path" only account for clock-to-clock false paths and not path-based false paths. As a result, actual path counts may be lower than reported.


+---------------------------------------------------------------------------------------------------------------------------------------------------------+
; Removal Transfers                                                                                                                                       ;
+-----------------------------------------------------+-----------------------------------------------------+------------+----------+----------+----------+
; From Clock                                          ; To Clock                                            ; RR Paths   ; FR Paths ; RF Paths ; FF Paths ;
+-----------------------------------------------------+-----------------------------------------------------+------------+----------+----------+----------+
; altera_reserved_tck                                 ; altera_reserved_tck                                 ; 509        ; 0        ; 0        ; 0        ;
; altera_reserved_tck                                 ; u_PLL50|altpll_component|auto_generated|pll1|clk[0] ; false path ; 0        ; 0        ; 0        ;
; u_PLL50|altpll_component|auto_generated|pll1|clk[0] ; u_PLL50|altpll_component|auto_generated|pll1|clk[0] ; 38         ; 0        ; 0        ; 0        ;
+-----------------------------------------------------+-----------------------------------------------------+------------+----------+----------+----------+
Entries labeled "false path" only account for clock-to-clock false paths and not path-based false paths. As a result, actual path counts may be lower than reported.


---------------
; Report TCCS ;
---------------
No dedicated SERDES Transmitter circuitry present in device or used in design


---------------
; Report RSKM ;
---------------
No non-DPA dedicated SERDES Receiver circuitry present in device or used in design


+------------------------------------------------+
; Unconstrained Paths Summary                    ;
+---------------------------------+-------+------+
; Property                        ; Setup ; Hold ;
+---------------------------------+-------+------+
; Illegal Clocks                  ; 0     ; 0    ;
; Unconstrained Clocks            ; 0     ; 0    ;
; Unconstrained Input Ports       ; 6     ; 6    ;
; Unconstrained Input Port Paths  ; 140   ; 140  ;
; Unconstrained Output Ports      ; 2     ; 2    ;
; Unconstrained Output Port Paths ; 2     ; 2    ;
+---------------------------------+-------+------+


+-------------------------------------------------------------------------------------------------------------------------------------+
; Clock Status Summary                                                                                                                ;
+-----------------------------------------------------+-----------------------------------------------------+-----------+-------------+
; Target                                              ; Clock                                               ; Type      ; Status      ;
+-----------------------------------------------------+-----------------------------------------------------+-----------+-------------+
; Clk50                                               ; Clk50                                               ; Base      ; Constrained ;
; altera_reserved_tck                                 ; altera_reserved_tck                                 ; Base      ; Constrained ;
; u_PLL50|altpll_component|auto_generated|pll1|clk[0] ; u_PLL50|altpll_component|auto_generated|pll1|clk[0] ; Generated ; Constrained ;
+-----------------------------------------------------+-----------------------------------------------------+-----------+-------------+


+----------------------------------------------------------------------------------------------------------------------------+
; Unconstrained Input Ports                                                                                                  ;
+-------------------------------------+--------------------------------------------------------------------------------------+
; Input Port                          ; Comment                                                                              ;
+-------------------------------------+--------------------------------------------------------------------------------------+
; Button                              ; No input delay, min/max delays, false-path exceptions, or max skew assignments found ;
; RstB                                ; No input delay, min/max delays, false-path exceptions, or max skew assignments found ;
; RxSerData                           ; No input delay, min/max delays, false-path exceptions, or max skew assignments found ;
; altera_reserved_tdi                 ; No input delay, min/max delays, false-path exceptions, or max skew assignments found ;
; altera_reserved_tms                 ; No input delay, min/max delays, false-path exceptions, or max skew assignments found ;
; auto_stp_external_storage_qualifier ; No input delay, min/max delays, false-path exceptions, or max skew assignments found ;
+-------------------------------------+--------------------------------------------------------------------------------------+


+-------------------------------------------------------------------------------------------------------------+
; Unconstrained Output Ports                                                                                  ;
+---------------------+---------------------------------------------------------------------------------------+
; Output Port         ; Comment                                                                               ;
+---------------------+---------------------------------------------------------------------------------------+
; TxSerData           ; No output delay, min/max delays, false-path exceptions, or max skew assignments found ;
; altera_reserved_tdo ; No output delay, min/max delays, false-path exceptions, or max skew assignments found ;
+---------------------+---------------------------------------------------------------------------------------+


+----------------------------------------------------------------------------------------------------------------------------+
; Unconstrained Input Ports                                                                                                  ;
+-------------------------------------+--------------------------------------------------------------------------------------+
; Input Port                          ; Comment                                                                              ;
+-------------------------------------+--------------------------------------------------------------------------------------+
; Button                              ; No input delay, min/max delays, false-path exceptions, or max skew assignments found ;
; RstB                                ; No input delay, min/max delays, false-path exceptions, or max skew assignments found ;
; RxSerData                           ; No input delay, min/max delays, false-path exceptions, or max skew assignments found ;
; altera_reserved_tdi                 ; No input delay, min/max delays, false-path exceptions, or max skew assignments found ;
; altera_reserved_tms                 ; No input delay, min/max delays, false-path exceptions, or max skew assignments found ;
; auto_stp_external_storage_qualifier ; No input delay, min/max delays, false-path exceptions, or max skew assignments found ;
+-------------------------------------+--------------------------------------------------------------------------------------+


+-------------------------------------------------------------------------------------------------------------+
; Unconstrained Output Ports                                                                                  ;
+---------------------+---------------------------------------------------------------------------------------+
; Output Port         ; Comment                                                                               ;
+---------------------+---------------------------------------------------------------------------------------+
; TxSerData           ; No output delay, min/max delays, false-path exceptions, or max skew assignments found ;
; altera_reserved_tdo ; No output delay, min/max delays, false-path exceptions, or max skew assignments found ;
+---------------------+---------------------------------------------------------------------------------------+


+------------------------------------+
; TimeQuest Timing Analyzer Messages ;
+------------------------------------+
Info: *******************************************************************
Info: Running Quartus Prime TimeQuest Timing Analyzer
    Info: Version 17.1.0 Build 590 10/25/2017 SJ Lite Edition
    Info: Processing started: Thu Dec 26 10:40:09 2019
Info: Command: quartus_sta UARTFIFO -c UARTFIFO
Info: qsta_default_script.tcl version: #3
Warning (18236): Number of processors has not been specified which may cause overloading on shared machines.  Set the global assignment NUM_PARALLEL_PROCESSORS in your QSF to an appropriate value for best performance.
Info (20030): Parallel compilation is enabled and will use 2 of the 2 processors detected
Info (21077): Low junction temperature is 0 degrees C
Info (21077): High junction temperature is 85 degrees C
Info (332164): Evaluating HDL-embedded SDC commands
    Info (332165): Entity sld_hub
        Info (332166): create_clock -name altera_reserved_tck [get_ports {altera_reserved_tck}] -period 10MHz   
        Info (332166): set_clock_groups -asynchronous -group {altera_reserved_tck}
Info (332104): Reading SDC File: '../sdc/UARTFIFO.sdc'
Info (332110): Deriving PLL clocks
    Info (332110): create_generated_clock -source {u_PLL50|altpll_component|auto_generated|pll1|inclk[0]} -multiply_by 2 -duty_cycle 50.00 -name {u_PLL50|altpll_component|auto_generated|pll1|clk[0]} {u_PLL50|altpll_component|auto_generated|pll1|clk[0]}
Info (332151): Clock uncertainty is not calculated until you update the timing netlist.
Info (332097): The following timing edges are non-unate.  TimeQuest will assume pos-unate behavior for these edges in the clock network.
    Info (332098): Cell: altera_internal_jtag  from: tck  to: tckutap
Info (332123): Deriving Clock Uncertainty. Please refer to report_sdc in TimeQuest to see clock uncertainties.
Info: Found TIMEQUEST_REPORT_SCRIPT_INCLUDE_DEFAULT_ANALYSIS = ON
Info: Analyzing Slow 1200mV 85C Model
Info: Can't run Report Timing Closure Recommendations. The current device family is not supported.
Info (332146): Worst-case setup slack is 3.625
    Info (332119):     Slack       End Point TNS Clock 
    Info (332119): ========= =================== =====================
    Info (332119):     3.625               0.000 u_PLL50|altpll_component|auto_generated|pll1|clk[0] 
    Info (332119):    14.971               0.000 Clk50 
    Info (332119):    43.182               0.000 altera_reserved_tck 
Info (332146): Worst-case hold slack is 0.206
    Info (332119):     Slack       End Point TNS Clock 
    Info (332119): ========= =================== =====================
    Info (332119):     0.206               0.000 u_PLL50|altpll_component|auto_generated|pll1|clk[0] 
    Info (332119):     0.286               0.000 altera_reserved_tck 
    Info (332119):     0.370               0.000 Clk50 
Info (332146): Worst-case recovery slack is 5.976
    Info (332119):     Slack       End Point TNS Clock 
    Info (332119): ========= =================== =====================
    Info (332119):     5.976               0.000 u_PLL50|altpll_component|auto_generated|pll1|clk[0] 
    Info (332119):    94.333               0.000 altera_reserved_tck 
Info (332146): Worst-case removal slack is 1.292
    Info (332119):     Slack       End Point TNS Clock 
    Info (332119): ========= =================== =====================
    Info (332119):     1.292               0.000 altera_reserved_tck 
    Info (332119):     2.692               0.000 u_PLL50|altpll_component|auto_generated|pll1|clk[0] 
Info (332146): Worst-case minimum pulse width slack is 4.649
    Info (332119):     Slack       End Point TNS Clock 
    Info (332119): ========= =================== =====================
    Info (332119):     4.649               0.000 u_PLL50|altpll_component|auto_generated|pll1|clk[0] 
    Info (332119):     9.659               0.000 Clk50 
    Info (332119):    49.481               0.000 altera_reserved_tck 
Info (332114): Report Metastability: Found 7 synchronizer chains.
    Info (332114): The design MTBF is not calculated because there are no specified synchronizers in the design.
    Info (332114): Number of Synchronizer Chains Found: 7
    Info (332114): Shortest Synchronizer Chain: 3 Registers
    Info (332114): Fraction of Chains for which MTBFs Could Not be Calculated: 1.000
    Info (332114): Worst Case Available Settling Time: 23.423 ns
    Info (332114): 
Info: Analyzing Slow 1200mV 0C Model
Info (334003): Started post-fitting delay annotation
Warning (334000): Timing characteristics of device 10M50DAF484C6GES are preliminary
Info (334004): Delay annotation completed successfully
Info (332097): The following timing edges are non-unate.  TimeQuest will assume pos-unate behavior for these edges in the clock network.
    Info (332098): Cell: altera_internal_jtag  from: tck  to: tckutap
Info (332123): Deriving Clock Uncertainty. Please refer to report_sdc in TimeQuest to see clock uncertainties.
Info (332146): Worst-case setup slack is 4.197
    Info (332119):     Slack       End Point TNS Clock 
    Info (332119): ========= =================== =====================
    Info (332119):     4.197               0.000 u_PLL50|altpll_component|auto_generated|pll1|clk[0] 
    Info (332119):    15.441               0.000 Clk50 
    Info (332119):    43.851               0.000 altera_reserved_tck 
Info (332146): Worst-case hold slack is 0.202
    Info (332119):     Slack       End Point TNS Clock 
    Info (332119): ========= =================== =====================
    Info (332119):     0.202               0.000 u_PLL50|altpll_component|auto_generated|pll1|clk[0] 
    Info (332119):     0.265               0.000 altera_reserved_tck 
    Info (332119):     0.342               0.000 Clk50 
Info (332146): Worst-case recovery slack is 6.367
    Info (332119):     Slack       End Point TNS Clock 
    Info (332119): ========= =================== =====================
    Info (332119):     6.367               0.000 u_PLL50|altpll_component|auto_generated|pll1|clk[0] 
    Info (332119):    94.882               0.000 altera_reserved_tck 
Info (332146): Worst-case removal slack is 1.189
    Info (332119):     Slack       End Point TNS Clock 
    Info (332119): ========= =================== =====================
    Info (332119):     1.189               0.000 altera_reserved_tck 
    Info (332119):     2.508               0.000 u_PLL50|altpll_component|auto_generated|pll1|clk[0] 
Info (332146): Worst-case minimum pulse width slack is 4.668
    Info (332119):     Slack       End Point TNS Clock 
    Info (332119): ========= =================== =====================
    Info (332119):     4.668               0.000 u_PLL50|altpll_component|auto_generated|pll1|clk[0] 
    Info (332119):     9.684               0.000 Clk50 
    Info (332119):    49.498               0.000 altera_reserved_tck 
Info (332114): Report Metastability: Found 7 synchronizer chains.
    Info (332114): The design MTBF is not calculated because there are no specified synchronizers in the design.
    Info (332114): Number of Synchronizer Chains Found: 7
    Info (332114): Shortest Synchronizer Chain: 3 Registers
    Info (332114): Fraction of Chains for which MTBFs Could Not be Calculated: 1.000
    Info (332114): Worst Case Available Settling Time: 24.056 ns
    Info (332114): 
Info: Analyzing Fast 1200mV 0C Model
Info (332097): The following timing edges are non-unate.  TimeQuest will assume pos-unate behavior for these edges in the clock network.
    Info (332098): Cell: altera_internal_jtag  from: tck  to: tckutap
Info (332123): Deriving Clock Uncertainty. Please refer to report_sdc in TimeQuest to see clock uncertainties.
Info (332146): Worst-case setup slack is 6.585
    Info (332119):     Slack       End Point TNS Clock 
    Info (332119): ========= =================== =====================
    Info (332119):     6.585               0.000 u_PLL50|altpll_component|auto_generated|pll1|clk[0] 
    Info (332119):    17.522               0.000 Clk50 
    Info (332119):    46.829               0.000 altera_reserved_tck 
Info (332146): Worst-case hold slack is 0.086
    Info (332119):     Slack       End Point TNS Clock 
    Info (332119): ========= =================== =====================
    Info (332119):     0.086               0.000 u_PLL50|altpll_component|auto_generated|pll1|clk[0] 
    Info (332119):     0.127               0.000 altera_reserved_tck 
    Info (332119):     0.163               0.000 Clk50 
Info (332146): Worst-case recovery slack is 7.898
    Info (332119):     Slack       End Point TNS Clock 
    Info (332119): ========= =================== =====================
    Info (332119):     7.898               0.000 u_PLL50|altpll_component|auto_generated|pll1|clk[0] 
    Info (332119):    96.970               0.000 altera_reserved_tck 
Info (332146): Worst-case removal slack is 0.613
    Info (332119):     Slack       End Point TNS Clock 
    Info (332119): ========= =================== =====================
    Info (332119):     0.613               0.000 altera_reserved_tck 
    Info (332119):     1.289               0.000 u_PLL50|altpll_component|auto_generated|pll1|clk[0] 
Info (332146): Worst-case minimum pulse width slack is 4.710
    Info (332119):     Slack       End Point TNS Clock 
    Info (332119): ========= =================== =====================
    Info (332119):     4.710               0.000 u_PLL50|altpll_component|auto_generated|pll1|clk[0] 
    Info (332119):     9.470               0.000 Clk50 
    Info (332119):    49.385               0.000 altera_reserved_tck 
Info (332114): Report Metastability: Found 7 synchronizer chains.
    Info (332114): The design MTBF is not calculated because there are no specified synchronizers in the design.
    Info (332114): Number of Synchronizer Chains Found: 7
    Info (332114): Shortest Synchronizer Chain: 3 Registers
    Info (332114): Fraction of Chains for which MTBFs Could Not be Calculated: 1.000
    Info (332114): Worst Case Available Settling Time: 26.671 ns
    Info (332114): 
Info (332102): Design is not fully constrained for setup requirements
Info (332102): Design is not fully constrained for hold requirements
Info: Quartus Prime TimeQuest Timing Analyzer was successful. 0 errors, 2 warnings
    Info: Peak virtual memory: 675 megabytes
    Info: Processing ended: Thu Dec 26 10:40:20 2019
    Info: Elapsed time: 00:00:11
    Info: Total CPU time (on all processors): 00:00:15


